[0m21:18:10.023226 [debug] [MainThread]: Sending event: {'category': 'dbt', 'action': 'invocation', 'label': 'start', 'context': [<snowplow_tracker.self_describing_json.SelfDescribingJson object at 0x00000261C3EDA100>, <snowplow_tracker.self_describing_json.SelfDescribingJson object at 0x00000261C619AE20>, <snowplow_tracker.self_describing_json.SelfDescribingJson object at 0x00000261C619A1C0>]}


============================== 21:18:10.027552 | aa195f65-56d7-417c-a8f8-e6578ffc2ce3 ==============================
[0m21:18:10.027552 [info ] [MainThread]: Running with dbt=1.11.0-b3
[0m21:18:10.027552 [debug] [MainThread]: running dbt with arguments {'debug': 'False', 'fail_fast': 'False', 'log_cache_events': 'False', 'send_anonymous_usage_stats': 'True', 'cache_selected_only': 'False', 'warn_error_options': 'WarnErrorOptionsV2(error=[], warn=[], silence=[])', 'invocation_command': 'dbt init dbt', 'log_format': 'default', 'version_check': 'True', 'empty': 'None', 'printer_width': '80', 'quiet': 'False', 'introspect': 'True', 'log_path': 'logs', 'warn_error': 'None', 'write_json': 'True', 'no_print': 'None', 'target_path': 'None', 'partial_parse': 'True', 'static_parser': 'True', 'profiles_dir': 'C:\\Users\\saina\\.dbt', 'use_experimental_parser': 'False', 'use_colors': 'True', 'indirect_selection': 'eager'}
[0m21:18:10.044012 [info ] [MainThread]: Creating dbt configuration folder at C:\Users\saina\.dbt
[0m21:18:54.608274 [debug] [MainThread]: Starter project path: C:\Users\saina\AppData\Local\Programs\Python\Python39\lib\site-packages\dbt\include\starter_project
[0m21:18:54.659215 [info ] [MainThread]: 
Your new dbt project "financial_ai_platform" was created!

For more information on how to configure the profiles.yml file,
please consult the dbt documentation here:

  https://docs.getdbt.com/docs/configure-your-profile

One more thing:

Need help? Don't hesitate to reach out to us via GitHub issues or on Slack:

  https://community.getdbt.com/

Happy modeling!

[0m21:18:54.660470 [info ] [MainThread]: Setting up your profile.
[0m21:23:28.930834 [info ] [MainThread]: Profile financial_ai_platform written to C:\Users\saina\.dbt\profiles.yml using target's profile_template.yml and your supplied values. Run 'dbt debug' to validate the connection.
[0m21:23:28.932145 [debug] [MainThread]: Command `dbt init` succeeded at 21:23:28.932145 after 318.93 seconds
[0m21:23:28.932145 [debug] [MainThread]: Sending event: {'category': 'dbt', 'action': 'invocation', 'label': 'end', 'context': [<snowplow_tracker.self_describing_json.SelfDescribingJson object at 0x00000261C3EDA100>, <snowplow_tracker.self_describing_json.SelfDescribingJson object at 0x00000261F1493D00>, <snowplow_tracker.self_describing_json.SelfDescribingJson object at 0x00000261F1493FA0>]}
[0m21:23:28.933148 [debug] [MainThread]: Flushing usage events
[0m21:23:29.283861 [debug] [MainThread]: An error was encountered while trying to flush usage events
[0m21:23:42.428517 [debug] [MainThread]: Sending event: {'category': 'dbt', 'action': 'invocation', 'label': 'start', 'context': [<snowplow_tracker.self_describing_json.SelfDescribingJson object at 0x000001C8997BA070>, <snowplow_tracker.self_describing_json.SelfDescribingJson object at 0x000001C89BA370D0>, <snowplow_tracker.self_describing_json.SelfDescribingJson object at 0x000001C89BA7BEB0>]}


============================== 21:23:42.430607 | 96a174e5-a8cb-4503-9edd-e61193d2891d ==============================
[0m21:23:42.430607 [info ] [MainThread]: Running with dbt=1.11.0-b3
[0m21:23:42.431610 [debug] [MainThread]: running dbt with arguments {'fail_fast': 'False', 'debug': 'False', 'log_cache_events': 'False', 'send_anonymous_usage_stats': 'True', 'cache_selected_only': 'False', 'warn_error_options': 'WarnErrorOptionsV2(error=[], warn=[], silence=[])', 'no_print': 'None', 'target_path': 'None', 'version_check': 'True', 'empty': 'None', 'printer_width': '80', 'quiet': 'False', 'introspect': 'True', 'partial_parse': 'True', 'warn_error': 'None', 'write_json': 'True', 'log_format': 'default', 'invocation_command': 'dbt debug', 'log_path': 'logs', 'static_parser': 'True', 'profiles_dir': 'C:\\Users\\saina\\.dbt', 'use_experimental_parser': 'False', 'use_colors': 'True', 'indirect_selection': 'eager'}
[0m21:23:42.449233 [info ] [MainThread]: dbt version: 1.11.0-b3
[0m21:23:42.449233 [info ] [MainThread]: python version: 3.9.7
[0m21:23:42.449233 [info ] [MainThread]: python path: C:\Users\saina\AppData\Local\Programs\Python\Python39\python.exe
[0m21:23:42.449233 [info ] [MainThread]: os info: Windows-10-10.0.26200-SP0
[0m21:23:44.953769 [info ] [MainThread]: Using profiles dir at C:\Users\saina\.dbt
[0m21:23:44.954771 [info ] [MainThread]: Using profiles.yml file at C:\Users\saina\.dbt\profiles.yml
[0m21:23:44.954771 [info ] [MainThread]: Using dbt_project.yml file at C:\Users\saina\financial-ai-platform\dbt_project.yml
[0m21:23:44.954771 [info ] [MainThread]: adapter type: bigquery
[0m21:23:44.956082 [info ] [MainThread]: adapter version: 1.10.2
[0m21:23:44.956082 [info ] [MainThread]: Configuration:
[0m21:23:44.956082 [info ] [MainThread]:   profiles.yml file [[32mOK found and valid[0m]
[0m21:23:44.956082 [info ] [MainThread]:   dbt_project.yml file [[31mERROR not found[0m]
[0m21:23:44.957167 [info ] [MainThread]: Required dependencies:
[0m21:23:44.957167 [debug] [MainThread]: Executing "git --help"
[0m21:23:44.963377 [info ] [MainThread]:  - git [[31mERROR[0m]

[0m21:23:44.964380 [info ] [MainThread]: Connection:
[0m21:23:44.964380 [info ] [MainThread]:   method: oauth
[0m21:23:44.964380 [info ] [MainThread]:   database: financial-ai-platform-sv
[0m21:23:44.965383 [info ] [MainThread]:   execution_project: financial-ai-platform-sv
[0m21:23:44.965383 [info ] [MainThread]:   schema: dbt_transforms
[0m21:23:44.965383 [info ] [MainThread]:   location: US
[0m21:23:44.965383 [info ] [MainThread]:   priority: interactive
[0m21:23:44.966385 [info ] [MainThread]:   maximum_bytes_billed: None
[0m21:23:44.966385 [info ] [MainThread]:   impersonate_service_account: None
[0m21:23:44.966385 [info ] [MainThread]:   job_retry_deadline_seconds: None
[0m21:23:44.966385 [info ] [MainThread]:   job_retries: 1
[0m21:23:44.966385 [info ] [MainThread]:   job_creation_timeout_seconds: None
[0m21:23:44.967388 [info ] [MainThread]:   job_execution_timeout_seconds: 300
[0m21:23:44.967388 [info ] [MainThread]:   timeout_seconds: 300
[0m21:23:44.967388 [info ] [MainThread]:   client_id: None
[0m21:23:44.968429 [info ] [MainThread]:   token_uri: None
[0m21:23:44.968429 [info ] [MainThread]:   compute_region: None
[0m21:23:44.968429 [info ] [MainThread]:   dataproc_cluster_name: None
[0m21:23:44.968429 [info ] [MainThread]:   gcs_bucket: None
[0m21:23:44.969502 [info ] [MainThread]:   dataproc_batch: None
[0m21:23:44.969502 [info ] [MainThread]: Registered adapter: bigquery=1.10.2
[0m21:23:45.729961 [debug] [MainThread]: Acquiring new bigquery connection 'debug'
[0m21:23:45.729961 [debug] [MainThread]: On debug: select 1 as id
[0m21:23:45.729961 [debug] [MainThread]: Opening a new connection, currently in state init
[0m21:23:48.539632 [debug] [MainThread]: BigQuery adapter: https://console.cloud.google.com/bigquery?project=financial-ai-platform-sv&j=bq:US:1b8a0885-af63-4773-a022-975a6048700d&page=queryresults
[0m21:23:50.704434 [info ] [MainThread]:   Connection test: [[32mOK connection ok[0m]

[0m21:23:50.705445 [info ] [MainThread]: [31m2 checks failed:[0m
[0m21:23:50.705445 [info ] [MainThread]: Project loading failed for the following reason:
 project path <C:\Users\saina\financial-ai-platform\dbt_project.yml> not found

[0m21:23:50.705445 [info ] [MainThread]: Error from git --help: Could not find command, ensure it is in the user's PATH and that the user has permissions to run it: "git"

[0m21:23:50.706448 [debug] [MainThread]: Command `dbt debug` failed at 21:23:50.706448 after 8.36 seconds
[0m21:23:50.706448 [debug] [MainThread]: Connection 'debug' was properly closed.
[0m21:23:50.707451 [debug] [MainThread]: Sending event: {'category': 'dbt', 'action': 'invocation', 'label': 'end', 'context': [<snowplow_tracker.self_describing_json.SelfDescribingJson object at 0x000001C8997BA070>, <snowplow_tracker.self_describing_json.SelfDescribingJson object at 0x000001C8C6D532B0>, <snowplow_tracker.self_describing_json.SelfDescribingJson object at 0x000001C8C744BF40>]}
[0m21:23:50.707451 [debug] [MainThread]: Flushing usage events
[0m21:23:51.098993 [debug] [MainThread]: An error was encountered while trying to flush usage events
